// Jest Snapshot v1, https://goo.gl/fbAQLP

exports[`WorkflowService getAllWorkflows passes params correctly 1`] = `
Object {
  "data": Array [],
  "totalPages": 0,
  "totalRecords": 0,
}
`;
